  Determining projects to restore...
  Nothing to do. None of the projects specified contain packages to restore.
  FP_CS26_2025 -> c:\FP_CS26_2025\FP_CS26_2025\bin\Debug\FP_CS26_2025.exe

Build succeeded.
    0 Warning(s)
    0 Error(s)

Time Elapsed 00:00:00.36
